\BOOKMARK [0][-]{chapter.4}{\376\377\000G\000i\036\333\000i\000\040\000t\000h\000i\036\307\000u\000\040\000v\000\340\000\040\000m\036\345\000c\000\040\000t\000i\000\352\000u\000\040\000t\000r\000i\036\303\000n\000\040\000k\000h\000a\000i}{}% 1
\BOOKMARK [1][-]{section.5}{\376\377\000M\036\345\000c\000\040\000t\000i\000\352\000u\000\040\000c\036\347\000a\000\040\000b\000\341\000o\000\040\000c\000\341\000o}{chapter.4}% 2
\BOOKMARK [1][-]{section.6}{\376\377\000P\000h\036\241\000m\000\040\000v\000i\000\040\000n\000g\000h\000i\000\352\000n\000\040\000c\036\351\000u}{chapter.4}% 3
\BOOKMARK [0][-]{chapter.7}{\376\377\000K\000i\036\277\000n\000\040\000t\000r\000\372\000c\000\040\000t\000r\000i\036\303\000n\000\040\000k\000h\000a\000i\000\040\000t\036\325\000n\000g\000\040\000q\000u\000a\000n}{}% 4
\BOOKMARK [1][-]{section.8}{\376\377\000K\000i\036\277\000n\000\040\000t\000r\000\372\000c\000\040\000C\000o\000n\000t\000a\000i\000n\000e\000r\000\040\000v\000\340\000\040\000P\000h\000\342\000n\000\040\000r\000\343\000\040\000L\000o\000g\000i\000c}{chapter.7}% 5
\BOOKMARK [1][-]{section.10}{\376\377\000C\000\341\000c\000\040\000t\000h\000\340\000n\000h\000\040\000p\000h\036\247\000n\000\040\000h\036\241\000\040\000t\036\247\000n\000g\000\040\000c\036\321\000t\000\040\000l\000\365\000i\000\040\000t\000r\000\352\000n\000\040\000M\000i\000c\000r\000o\000s\000o\000f\000t\000\040\000A\000z\000u\000r\000e}{chapter.7}% 6
\BOOKMARK [1][-]{section.11}{\376\377\000C\000\341\000c\000\040\000t\000h\000\340\000n\000h\000\040\000p\000h\036\247\000n\000\040\000h\036\241\000\040\000t\036\247\000n\000g\000\040\000c\036\321\000t\000\040\000l\000\365\000i\000\040\000t\000r\000\352\000n\000\040\000M\000i\000c\000r\000o\000s\000o\000f\000t\000\040\000A\000z\000u\000r\000e}{chapter.7}% 7
\BOOKMARK [1][-]{section.12}{\376\377\000K\000i\036\277\000n\000\040\000t\000r\000\372\000c\000\040\000t\000r\000i\036\303\000n\000\040\000k\000h\000a\000i\000\040\001\021\000i\036\307\000n\000\040\000t\000o\000\341\000n\000\040\000t\000h\036\361\000c\000\040\000t\036\277\000\040\000t\000r\000\352\000n\000\040\000A\000z\000u\000r\000e}{chapter.7}% 8
\BOOKMARK [1][-]{section.14}{\376\377\000P\000h\000\342\000n\000\040\000t\000\355\000c\000h\000\040\000v\000\340\000\040\000s\000o\000\040\000s\000\341\000n\000h\000\040\000k\000i\036\277\000n\000\040\000t\000r\000\372\000c}{chapter.7}% 9
\BOOKMARK [0][-]{chapter.16}{\376\377\000H\036\241\000\040\000t\036\247\000n\000g\000\040\000d\001\260\036\333\000i\000\040\000d\036\241\000n\000g\000\040\000m\000\343\000\040\000\050\000I\000a\000C\000\051\000:\000\040\000a\000z\000d\000\040\000+\000\040\000B\000i\000c\000e\000p\000\040\000+\000\040\000A\000z\000u\000r\000e\000\040\000C\000o\000n\000t\000a\000i\000n\000e\000r\000\040\000A\000p\000p\000s}{}% 10
\BOOKMARK [1][-]{section.17}{\376\377\000V\000a\000i\000\040\000t\000r\000\362\000\040\000c\036\347\000a\000\040\000.\000N\000E\000T\000\040\000A\000s\000p\000i\000r\000e\000\040\000A\000p\000p\000H\000o\000s\000t\000\040\000t\000r\000o\000n\000g\000\040\001\021\036\313\000n\000h\000\040\000n\000g\000h\001\051\000a\000\040\000h\036\241\000\040\000t\036\247\000n\000g}{chapter.16}% 11
\BOOKMARK [1][-]{section.30}{\376\377\000K\000i\036\277\000n\000\040\000t\000r\000\372\000c\000\040\000B\000i\000c\000e\000p\000\040\000M\000o\000d\000u\000l\000e\000s\000\040\000v\000\340\000\040\000T\000\340\000i\000\040\000n\000g\000u\000y\000\352\000n\000\040\000A\000z\000u\000r\000e}{chapter.16}% 12
\BOOKMARK [2][-]{subsection.31}{\376\377\000T\000\340\000i\000\040\000n\000g\000u\000y\000\352\000n\000\040\000n\036\301\000n\000\040\000t\036\243\000n\000g\000\040\000\050\000S\000h\000a\000r\000e\000d\000\040\000R\000e\000s\000o\000u\000r\000c\000e\000s\000\051}{section.30}% 13
\BOOKMARK [2][-]{subsection.32}{\376\377\000T\000\340\000i\000\040\000n\000g\000u\000y\000\352\000n\000\040\000d\036\357\000\040\000l\000i\036\307\000u\000\040\000\050\000D\000a\000t\000a\000\040\000R\000e\000s\000o\000u\000r\000c\000e\000s\000\051}{section.30}% 14
\BOOKMARK [2][-]{subsection.51}{\376\377\000A\000s\000p\000i\000r\000e\000\040\000D\000a\000s\000h\000b\000o\000a\000r\000d}{section.30}% 15
\BOOKMARK [1][-]{section.52}{\376\377\000Q\000u\000y\000\040\000t\000r\000\354\000n\000h\000\040\000c\036\245\000p\000\040\000p\000h\000\341\000t\000\040\000v\036\333\000i\000\040\000A\000z\000u\000r\000e\000\040\000D\000e\000v\000e\000l\000o\000p\000e\000r\000\040\000C\000L\000I\000\040\000\050\000a\000z\000d\000\051}{chapter.16}% 16
\BOOKMARK [1][-]{section.55}{\376\377\000C\000h\000i\036\277\000n\000\040\000l\001\260\036\343\000c\000\040\000Q\000u\036\243\000n\000\040\000l\000\375\000\040\000B\036\243\000o\000\040\000m\036\255\000t\000\040\000v\000\340\000\040\000C\036\245\000u\000\040\000h\000\354\000n\000h}{chapter.16}% 17
\BOOKMARK [0][-]{chapter.56}{\376\377\000Q\000u\000y\000\040\000t\000r\000\354\000n\000h\000\040\000p\000h\000\341\000t\000\040\000t\000r\000i\036\303\000n\000\040\000v\000\340\000\040\000V\036\255\000n\000\040\000h\000\340\000n\000h\000\040\000\050\000D\000e\000v\000O\000p\000s\000\040\000v\000\340\000\040\000C\000I\000/\000C\000D\000\051}{}% 18
\BOOKMARK [1][-]{section.57}{\376\377\000T\036\325\000n\000g\000\040\000q\000u\000a\000n\000\040\000q\000u\000y\000\040\000t\000r\000\354\000n\000h\000\040\000C\000I\000/\000C\000D}{chapter.56}% 19
\BOOKMARK [1][-]{section.64}{\376\377\000C\001\241\000\040\000c\000h\036\277\000\040\000B\036\243\000o\000\040\000m\036\255\000t\000\040\000v\000\340\000\040\000X\000\341\000c\000\040\000t\000h\036\361\000c\000\040\000k\000h\000\364\000n\000g\000\040\000m\036\255\000t\000\040\000k\000h\036\251\000u\000\040\000\050\000S\000e\000c\000r\000e\000t\000l\000e\000s\000s\000\051}{chapter.56}% 20
\BOOKMARK [1][-]{section.65}{\376\377\000C\000h\000i\000\040\000t\000i\036\277\000t\000\040\000l\000u\036\323\000n\000g\000\040\000t\000h\036\361\000c\000\040\000t\000h\000i\000\040\000\050\000W\000o\000r\000k\000f\000l\000o\000w\000\040\000I\000m\000p\000l\000e\000m\000e\000n\000t\000a\000t\000i\000o\000n\000\051}{chapter.56}% 21
\BOOKMARK [2][-]{subsection.66}{\376\377\000K\000h\036\337\000i\000\040\000t\036\241\000o\000\040\000v\000\340\000\040\000X\000\341\000c\000\040\000t\000h\036\361\000c}{section.65}% 22
\BOOKMARK [2][-]{subsection.74}{\376\377\000C\036\245\000p\000\040\000p\000h\000\341\000t\000\040\000h\036\241\000\040\000t\036\247\000n\000g\000\040\000\050\000P\000r\000o\000v\000i\000s\000i\000o\000n\000i\000n\000g\000\051}{section.65}% 23
\BOOKMARK [2][-]{subsection.75}{\376\377\001\020\000\363\000n\000g\000\040\000g\000\363\000i\000\040\000v\000\340\000\040\000T\000r\000i\036\303\000n\000\040\000k\000h\000a\000i\000\040\000\050\000B\000u\000i\000l\000d\000\040\000\046\000\040\000D\000e\000p\000l\000o\000y\000\051}{section.65}% 24
\BOOKMARK [0][-]{chapter.79}{\376\377\000V\036\255\000n\000\040\000h\000\340\000n\000h\000,\000\040\000q\000u\000a\000n\000\040\000s\000\341\000t\000\040\000h\036\307\000\040\000t\000h\036\321\000n\000g\000\040\000v\000\340\000\040\000m\036\337\000\040\000r\036\331\000n\000g}{}% 25
\BOOKMARK [1][-]{section.80}{\376\377\000K\000i\036\277\000n\000\040\000t\000r\000\372\000c\000\040\000Q\000u\000a\000n\000\040\000s\000\341\000t\000\040\000\050\000O\000b\000s\000e\000r\000v\000a\000b\000i\000l\000i\000t\000y\000\040\000A\000r\000c\000h\000i\000t\000e\000c\000t\000u\000r\000e\000\051}{chapter.79}% 26
\BOOKMARK [1][-]{section.81}{\376\377\000G\000i\000\341\000m\000\040\000s\000\341\000t\000\040\000t\000h\036\335\000i\000\040\000g\000i\000a\000n\000\040\000t\000h\036\361\000c\000\040\000v\036\333\000i\000\040\000A\000s\000p\000i\000r\000e\000\040\000D\000a\000s\000h\000b\000o\000a\000r\000d}{chapter.79}% 27
\BOOKMARK [2][-]{subsection.82}{\376\377\000T\000h\000e\000o\000\040\000d\000\365\000i\000\040\000t\000\340\000i\000\040\000n\000g\000u\000y\000\352\000n\000\040\000\050\000R\000e\000s\000o\000u\000r\000c\000e\000s\000\051}{section.81}% 28
\BOOKMARK [2][-]{subsection.84}{\376\377\000T\000r\000u\000y\000\040\000v\036\277\000t\000\040\000p\000h\000\342\000n\000\040\000t\000\341\000n\000\040\000\050\000D\000i\000s\000t\000r\000i\000b\000u\000t\000e\000d\000\040\000T\000r\000a\000c\000i\000n\000g\000\051}{section.81}% 29
\BOOKMARK [1][-]{section.87}{\376\377\000C\000h\000i\036\277\000n\000\040\000l\001\260\036\343\000c\000\040\000M\036\337\000\040\000r\036\331\000n\000g\000\040\000\050\000S\000c\000a\000l\000i\000n\000g\000\051\000\040\000v\000\340\000\040\000T\036\321\000i\000\040\001\260\000u\000\040\000c\000h\000i\000\040\000p\000h\000\355}{chapter.79}% 30
\BOOKMARK [2][-]{subsection.88}{\376\377\000C\036\245\000u\000\040\000h\000\354\000n\000h\000\040\000S\000c\000a\000l\000i\000n\000g}{section.87}% 31
\BOOKMARK [2][-]{subsection.89}{\376\377\000B\000\340\000i\000\040\000t\000o\000\341\000n\000\040\000C\000o\000l\000d\000\040\000S\000t\000a\000r\000t\000\040\000v\000\340\000\040\000C\000h\000i\000\040\000p\000h\000\355}{section.87}% 32
\BOOKMARK [0][-]{chapter*.90}{\376\377\000K\036\277\000t\000\040\000l\000u\036\255\000n}{}% 33
